
> frontend@0.0.0 build
> ng build

[33m❯[39m Building...
[32m✔[39m Building...
Application bundle generation failed. [2.185 seconds] - 2026-03-13T11:39:16.604Z

node.exe : 
[1m[31m[31mX [41;3
1m[[41;97mERROR[41;3
1m][0m [1mTS2307: 
Cannot find module './
login/login.component'
 or its corresponding 
type 
declarations.[0m 
[1m[35m[plugin 
angular-compiler][0m
At C:\Program Files\no
dejs\npm.ps1:29 char:3
+   & $NODE_EXE 
$NPM_CLI_JS $args
+   ~~~~~~~~~~~~~~~~~~
~~~~~~~~~~~
    + CategoryInfo    
          : NotSpeci  
  fied: ([1m[31m   
 [31mX...r-compile    
r][0m:String) []    
, RemoteException
    + FullyQualifiedE 
   rrorId : NativeCo  
  mmandError
 

    src/app/app.routes
.ts:2:31:
[37m      2 │ import 
{ LoginComponent } 
from [32m'./login/log
in.component'[37m;
        ╵             
                   [3
2m~~~~~~~~~~~~~~~~~~~~
~~~~~[0m


[31mX [41;31m[[41;9
7mERROR[41;31m][0m 
[1mTS2307: Cannot 
find module './dashboa
rd/dashboard.component
' or its 
corresponding type 
declarations.[0m 
[1m[35m[plugin 
angular-compiler][0m

    src/app/app.routes
.ts:3:35:
[37m      3 │ import 
{ DashboardComponent 
} from [32m'./dashboa
rd/dashboard.component
'[37m;
        ╵             
                      
 [32m~~~~~~~~~~~~~~~~
~~~~~~~~~~~~~~~~~[0m


[31mX [41;31m[[41;9
7mERROR[41;31m][0m 
[1mTS2307: Cannot 
find module './home/ho
me.component' or its 
corresponding type 
declarations.[0m 
[1m[35m[plugin 
angular-compiler][0m

    src/app/app.routes
.ts:4:30:
[37m      4 │ import 
{ HomeComponent } 
from [32m'./home/home
.component'[37m;
        ╵             
                  [32
m~~~~~~~~~~~~~~~~~~~~~
~~[0m


[31mX [41;31m[[41;9
7mERROR[41;31m][0m 
[1mTS2307: Cannot 
find module './registe
r-complaint/register-c
omplaint.component' 
or its corresponding 
type 
declarations.[0m 
[1m[35m[plugin 
angular-compiler][0m

    src/app/app.routes
.ts:5:43:
[37m      5 │ 
...mponent } from [32
m'./register-complaint
/register-complaint.co
mponent'[37m;
        ╵             
      [32m~~~~~~~~~~~
~~~~~~~~~~~~~~~~~~~~~~
~~~~~~~~~~~~~~~~~~[0m


[31mX [41;31m[[41;9
7mERROR[41;31m][0m 
[1mTS2307: Cannot 
find module './my-comp
laints/my-complaints.c
omponent' or its 
corresponding type 
declarations.[0m 
[1m[35m[plugin 
angular-compiler][0m

    src/app/app.routes
.ts:6:38:
[37m      6 │ 
...mplaintsComponent 
} from [32m'./my-comp
laints/my-complaints.c
omponent'[37m;
        ╵             
                [32m~
~~~~~~~~~~~~~~~~~~~~~~
~~~~~~~~~~~~~~~~~~[0m


[31mX [41;31m[[41;9
7mERROR[41;31m][0m 
[1mTS2307: Cannot 
find module './account
-details/account-detai
ls.component' or its 
corresponding type 
declarations.[0m 
[1m[35m[plugin 
angular-compiler][0m

    src/app/app.routes
.ts:7:40:
[37m      7 │ 
...ailsComponent } 
from [32m'./account-d
etails/account-details
.component'[37m;
        ╵             
            [32m~~~~~
~~~~~~~~~~~~~~~~~~~~~~
~~~~~~~~~~~~~~~~~~[0m


[31mX [41;31m[[41;9
7mERROR[41;31m][0m 
[1mCould not resolve 
"./login/login.compone
nt"[0m

    src/app/app.routes
.ts:2:31:
[37m      2 │ import 
{ LoginComponent } 
from [32m'./login/log
in.component'[37m;
        ╵             
                   [3
2m~~~~~~~~~~~~~~~~~~~~
~~~~~[0m


[31mX [41;31m[[41;9
7mERROR[41;31m][0m 
[1mCould not resolve 
"./dashboard/dashboard
.component"[0m

    src/app/app.routes
.ts:3:35:
[37m      3 │ import 
{ DashboardComponent 
} from [32m'./dashboa
rd/dashboard.component
'[37m;
        ╵             
                      
 [32m~~~~~~~~~~~~~~~~
~~~~~~~~~~~~~~~~~[0m


[31mX [41;31m[[41;9
7mERROR[41;31m][0m 
[1mCould not resolve 
"./home/home.component
"[0m

    src/app/app.routes
.ts:4:30:
[37m      4 │ import 
{ HomeComponent } 
from [32m'./home/home
.component'[37m;
        ╵             
                  [32
m~~~~~~~~~~~~~~~~~~~~~
~~[0m


[31mX [41;31m[[41;9
7mERROR[41;31m][0m 
[1mCould not resolve 
"./register-complaint/
register-complaint.com
ponent"[0m

    src/app/app.routes
.ts:5:43:
[37m      5 │ 
...mponent } from [32
m'./register-complaint
/register-complaint.co
mponent'[37m;
        ╵             
      [32m~~~~~~~~~~~
~~~~~~~~~~~~~~~~~~~~~~
~~~~~~~~~~~~~~~~~~[0m


[31mX [41;31m[[41;9
7mERROR[41;31m][0m 
[1mCould not resolve 
"./my-complaints/my-co
mplaints.component"[0
m

    src/app/app.routes
.ts:6:38:
[37m      6 │ 
...mplaintsComponent 
} from [32m'./my-comp
laints/my-complaints.c
omponent'[37m;
        ╵             
                [32m~
~~~~~~~~~~~~~~~~~~~~~~
~~~~~~~~~~~~~~~~~~[0m


[31mX [41;31m[[41;9
7mERROR[41;31m][0m 
[1mCould not resolve 
"./account-details/acc
ount-details.component
"[0m

    src/app/app.routes
.ts:7:40:
[37m      7 │ 
...ailsComponent } 
from [32m'./account-d
etails/account-details
.component'[37m;
        ╵             
            [32m~~~~~
~~~~~~~~~~~~~~~~~~~~~~
~~~~~~~~~~~~~~~~~~[0m

[39m[22m
